
> frontend@0.0.0 build
> tsc -b && vite build

src/pages/AdminDashboard.tsx(4,100): error TS6133: 'MessageSquare' is declared but its value is never read.
